---
source: crates/noseyparker-cli/tests/scan/basic/mod.rs
expression: stdout
---

 Rule          Total Findings   Total Matches 
──────────────────────────────────────────────
 AWS API Key                1               1 

