---
source: crates/noseyparker-cli/tests/help/mod.rs
expression: stdout
---
noseyparker 0.15.0-dev

