---
source: tests/cli.rs
expression: output.status
---
exit status: 0
