---
source: tests/cli.rs
expression: stdout
---

 Rule          Distinct Matches   Total Matches 
────────────────────────────────────────────────
 AWS API Key                  1               1 

