---
source: tests/cli.rs
expression: "String::from_utf8(output.stderr.clone()).unwrap()"
---

